--------------
/*
  (1) Create a database with the same name as a prefix of your University email account. 
  For example, if your University email account is xyz007@uow.edu.au then a name of a database 
  must be xyz007. 
*/

CREATE DATABASE txia
--------------

Query OK, 1 row affected (0.00 sec)

--------------
/*
  (2) Create two users with the user names: tec, and admin. The passwords are up to you.
*/

CREATE USER 'tec' IDENTIFIED BY 'tec'
--------------

Query OK, 0 rows affected (0.00 sec)

--------------
CREATE USER 'admin' IDENTIFIED BY 'admin'
--------------

Query OK, 0 rows affected (0.00 sec)

--------------
/*
  (3) While connected as a user root, process the scripts dbcreate.sql and dbload.sql to create and 
  to load data into the relational tables later on used in this laboratory class. 
  All relational tables must be located in a database created in step (1). 
  SQL statements processed by the scripts must NOT be included in a report from processing of a script solution1.sql. 
  It means that before processing of the scripts you must execute notee statement to turn off spooling and 
  after processing of the scripts tee solution1.rpt to turn on spooling into a report file.
*/ 

use txia
--------------

Query OK, 0 rows affected (0.00 sec)

--------------
/*
  (4) Next, grant the read and write privileges on entire database prefix of your University email account to a user admin. 
  The privilege must be granted such that a user admin is not allowed to grant the same privilege to another user.
*/

GRANT SELECT, DELETE, UPDATE, INSERT ON txia.* TO admin
--------------

Query OK, 0 rows affected (0.00 sec)

--------------
/*
  (5) Next, grant a read privilege on a relational table Department and Project located in a database prefix of your University email account 
  to a user tec. The privilege must be granted such that a user tec is able to grant the same privileges to the other users.
*/

GRANT SELECT ON txia.Department TO tec WITH GRANT OPTION
--------------

Query OK, 0 rows affected (0.01 sec)

--------------
GRANT SELECT ON txia.Project TO tec WITH GRANT OPTION
--------------

Query OK, 0 rows affected (0.00 sec)

--------------
/*
  (6) Next, grant the write privileges on a relational table WorksOn located in a database prefix of your University email account to a user tec. 
The privileges must be granted such that a user tec is not able to grant the same privileges to the other users.
*/

GRANT INSERT, DELETE, UPDATE ON txia.WorksOn TO tec
--------------

Query OK, 0 rows affected (0.00 sec)

--------------
/*
  (7) Next, grant a privilege to create relational tables located in a database prefix of your University email account to a user admin. 
  The privilege must be granted such that a user admin is allowed to grant the same privilege to another user.
*/

GRANT CREATE ON txia.* TO admin WITH GRANT OPTION
--------------

Query OK, 0 rows affected (0.00 sec)

--------------
/*
  (8) Finally, lists all privileges granted to the users tec, and admin. The script must use data dictionary views included in mysql database to list the privileges.
*/


SELECT user, db, select_priv, insert_priv, update_priv, delete_priv, grant_priv, create_priv
FROM mysql.db
WHERE user IN ('tec', 'admin')
--------------

+-------+------+-------------+-------------+-------------+-------------+------------+-------------+
| user  | db   | select_priv | insert_priv | update_priv | delete_priv | grant_priv | create_priv |
+-------+------+-------------+-------------+-------------+-------------+------------+-------------+
| admin | txia | Y           | Y           | Y           | Y           | Y          | Y           |
+-------+------+-------------+-------------+-------------+-------------+------------+-------------+
1 row in set (0.00 sec)

--------------
SELECT user, db, table_name, table_priv
FROM mysql.tables_priv
WHERE user IN ('tec', 'admin')
--------------

+------+------+------------+----------------------+
| user | db   | table_name | table_priv           |
+------+------+------------+----------------------+
| tec  | txia | WorksOn    | Insert,Update,Delete |
| tec  | txia | Project    | Select,Grant         |
| tec  | txia | Department | Select,Grant         |
+------+------+------------+----------------------+
3 rows in set (0.00 sec)

