mysql> \. solution1.sql
--------------
SELECT 'Task 1 ~~~~~~~~~~~~~~~~~~~~~~~~~~~~~~~~~~~~~~~~~~~~~~~~~~~~~~'
--------------

+---------------------------------------------------------------+
| Task 1 ~~~~~~~~~~~~~~~~~~~~~~~~~~~~~~~~~~~~~~~~~~~~~~~~~~~~~~ |
+---------------------------------------------------------------+
| Task 1 ~~~~~~~~~~~~~~~~~~~~~~~~~~~~~~~~~~~~~~~~~~~~~~~~~~~~~~ |
+---------------------------------------------------------------+
1 row in set (0.00 sec)

--------------
CREATE USER jrg
--------------

Query OK, 0 rows affected (0.00 sec)

--------------
SELECT 'Task 2 ~~~~~~~~~~~~~~~~~~~~~~~~~~~~~~~~~~~~~~~~~~~~~~~~~~~~~~'
--------------

+---------------------------------------------------------------+
| Task 2 ~~~~~~~~~~~~~~~~~~~~~~~~~~~~~~~~~~~~~~~~~~~~~~~~~~~~~~ |
+---------------------------------------------------------------+
| Task 2 ~~~~~~~~~~~~~~~~~~~~~~~~~~~~~~~~~~~~~~~~~~~~~~~~~~~~~~ |
+---------------------------------------------------------------+
1 row in set (0.00 sec)

--------------
GRANT CREATE, ALTER, DROP, SELECT, INSERT, UPDATE, DELETE, CREATE VIEW ON jrg.* TO jrg WITH GRANT OPTION
--------------

Query OK, 0 rows affected (0.00 sec)

--------------
SELECT 'Task 3 ~~~~~~~~~~~~~~~~~~~~~~~~~~~~~~~~~~~~~~~~~~~~~~~~~~~~~~'
--------------

+---------------------------------------------------------------+
| Task 3 ~~~~~~~~~~~~~~~~~~~~~~~~~~~~~~~~~~~~~~~~~~~~~~~~~~~~~~ |
+---------------------------------------------------------------+
| Task 3 ~~~~~~~~~~~~~~~~~~~~~~~~~~~~~~~~~~~~~~~~~~~~~~~~~~~~~~ |
+---------------------------------------------------------------+
1 row in set (0.00 sec)

--------------
GRANT REFERENCES (ENUM) ON jrg.EMPLOYEE TO jrg
--------------

Query OK, 0 rows affected (0.00 sec)

--------------
SELECT 'Task 4 ~~~~~~~~~~~~~~~~~~~~~~~~~~~~~~~~~~~~~~~~~~~~~~~~~~~~~~'
--------------

+---------------------------------------------------------------+
| Task 4 ~~~~~~~~~~~~~~~~~~~~~~~~~~~~~~~~~~~~~~~~~~~~~~~~~~~~~~ |
+---------------------------------------------------------------+
| Task 4 ~~~~~~~~~~~~~~~~~~~~~~~~~~~~~~~~~~~~~~~~~~~~~~~~~~~~~~ |
+---------------------------------------------------------------+
1 row in set (0.00 sec)

--------------
ALTER USER jrg WITH MAX_QUERIES_PER_HOUR 100
--------------

Query OK, 0 rows affected (0.00 sec)

--------------
ALTER USER jrg WITH MAX_USER_CONNECTIONS 10
--------------

Query OK, 0 rows affected (0.00 sec)

--------------
SELECT 'Task 5 ~~~~~~~~~~~~~~~~~~~~~~~~~~~~~~~~~~~~~~~~~~~~~~~~~~~~~~'
--------------

+---------------------------------------------------------------+
| Task 5 ~~~~~~~~~~~~~~~~~~~~~~~~~~~~~~~~~~~~~~~~~~~~~~~~~~~~~~ |
+---------------------------------------------------------------+
| Task 5 ~~~~~~~~~~~~~~~~~~~~~~~~~~~~~~~~~~~~~~~~~~~~~~~~~~~~~~ |
+---------------------------------------------------------------+
1 row in set (0.00 sec)

--------------
ALTER USER jrg ACCOUNT LOCK
--------------

Query OK, 0 rows affected (0.00 sec)

--------------
SELECT 'Task 6 ~~~~~~~~~~~~~~~~~~~~~~~~~~~~~~~~~~~~~~~~~~~~~~~~~~~~~~'
--------------

+---------------------------------------------------------------+
| Task 6 ~~~~~~~~~~~~~~~~~~~~~~~~~~~~~~~~~~~~~~~~~~~~~~~~~~~~~~ |
+---------------------------------------------------------------+
| Task 6 ~~~~~~~~~~~~~~~~~~~~~~~~~~~~~~~~~~~~~~~~~~~~~~~~~~~~~~ |
+---------------------------------------------------------------+
1 row in set (0.00 sec)

--------------
SELECT user, db, create_priv, alter_priv, drop_priv, select_priv, insert_priv, update_priv, delete_priv, create_view_priv, grant_priv
FROM mysql.db 
WHERE user = 'jrg'
--------------

+------+-----+-------------+------------+-----------+-------------+-------------+-------------+-------------+------------------+------------+
| user | db  | create_priv | alter_priv | drop_priv | select_priv | insert_priv | update_priv | delete_priv | create_view_priv | grant_priv |
+------+-----+-------------+------------+-----------+-------------+-------------+-------------+-------------+------------------+------------+
| jrg  | jrg | Y           | Y          | Y         | Y           | Y           | Y           | Y           | Y                | Y          |
+------+-----+-------------+------------+-----------+-------------+-------------+-------------+-------------+------------------+------------+
1 row in set (0.00 sec)

--------------
SELECT user, db, table_name, table_priv, column_priv
FROM mysql.tables_priv
WHERE user = 'jrg'
--------------

+------+-----+------------+------------+-------------+
| user | db  | table_name | table_priv | column_priv |
+------+-----+------------+------------+-------------+
| jrg  | jrg | EMPLOYEE   |            | References  |
+------+-----+------------+------------+-------------+
1 row in set (0.00 sec)

--------------
SELECT user, db, table_name, column_name, column_priv
FROM mysql.columns_priv
WHERE user = 'jrg'
--------------

+------+-----+------------+-------------+-------------+
| user | db  | table_name | column_name | column_priv |
+------+-----+------------+-------------+-------------+
| jrg  | jrg | EMPLOYEE   | ENUM        | References  |
+------+-----+------------+-------------+-------------+
1 row in set (0.00 sec)

--------------
SELECT user, account_locked
FROM mysql.user
WHERE user = 'jrg'
--------------

+------+----------------+
| user | account_locked |
+------+----------------+
| jrg  | Y              |
+------+----------------+
1 row in set (0.00 sec)

mysql> notee
