mysql> source solution4.sql
--------------
SET GLOBAL general_log='ON'
--------------

Query OK, 0 rows affected (0.08 sec)

--------------
SET GLOBAL log_output='TABLE'
--------------

Query OK, 0 rows affected (0.00 sec)

--------------
TRUNCATE TABLE mysql.general_log
--------------

Query OK, 0 rows affected (0.01 sec)

--------------
SET GLOBAL general_log='OFF'
--------------

Query OK, 0 rows affected (0.00 sec)

--------------
SELECT argument
FROM mysql.general_log
WHERE argument LIKE 'CREATE %'   OR
      argument LIKE '% CREATE %' OR
      argument LIKE 'ALTER %'    OR
      argument LIKE '% ALTER %'  OR
      argument LIKE 'DROP %'     OR
      argument LIKE '% DROP %'
--------------

+----------------------------------------------------------------------------------------+
| argument                                                                               |
+----------------------------------------------------------------------------------------+
| CREATE TABLE MESSAGE( mbody VARCHAR(25), CONSTRAINT MESSAGE_PKEY PRIMARY KEY (mbody) ) |
| ALTER TABLE MESSAGE MODIFY mbody VARCHAR(50)                                           |
| DROP TABLE MESSAGE                                                                     |
+----------------------------------------------------------------------------------------+
3 rows in set (0.00 sec)

--------------
SELECT substr(argument, 1, 6), COUNT(*) TIMES
FROM mysql.general_log
WHERE  argument LIKE 'SELECT %'   OR
       argument LIKE 'INSERT %'   OR
       argument LIKE 'DELETE %'   OR
       argument LIKE 'UPDATE %'   
GROUP BY substr(argument, 1, 6)
ORDER BY TIMES ASC
--------------

+------------------------+-------+
| substr(argument, 1, 6) | TIMES |
+------------------------+-------+
| UPDATE                 |     1 |
| DELETE                 |     1 |
| SELECT                 |     2 |
+------------------------+-------+
3 rows in set (0.00 sec)

mysql> notee
