mysql> \. solution1.sql
--------------
/*
(1)	Add a new department SERVICES into the database. The department number is 7. 
    The employee 00105 becomes a manager that works in the department SERVICES. 
	His job started at 31/08/2018. 
	The new department SERVICES located at 10 Church street, Wollongong, NSW 2500. 
	The supervisor number of the employee 00105 is 00100.
*/

INSERT INTO Department VALUES (7, 'SERVICES', '00105', STR_TO_DATE('31/08/2018', '%d/%m/%Y'))
--------------

Query OK, 1 row affected (0.00 sec)

--------------
UPDATE Employee SET DNumber=7, Supervisor='00100'
WHERE ENumber = '00105'
--------------

Query OK, 1 row affected (0.00 sec)
Rows matched: 1  Changed: 1  Warnings: 0

--------------
INSERT INTO DeptLocation VALUES (7, '10 Church street, Wollongong, NSW 2500')
--------------

Query OK, 1 row affected (0.01 sec)

--------------
/*
(2)	An employee 00110 starts to work in the department ACCOUNTING as a manager at 01/09/2018. 
    An employee 00120 starts to work in the department SALES as a manager at the same day. 
    Note: The employees supervised by their department managers should also be updated.
*/

-- Insert a dummy row into a table Employee
INSERT INTO Employee VALUES ('99999', 'Dummy', NULL, NULL, NULL, NULL, NULL, NULL)
--------------

Query OK, 1 row affected (0.00 sec)

--------------
UPDATE Department SET Manager = '00110', MSDate = STR_TO_DATE('01/09/2018', '%d/%m/%Y')
WHERE DName = 'ACCOUNTING'
--------------

Query OK, 1 row affected (0.00 sec)
Rows matched: 1  Changed: 1  Warnings: 0

--------------
UPDATE Employee SET DNumber=(SELECT DNumber FROM Department WHERE DName='ACCOUNTING')
WHERE ENumber = '00110'
--------------

Query OK, 1 row affected (0.00 sec)
Rows matched: 1  Changed: 1  Warnings: 0

--------------
-- Update the supervisor to a dummy employee for the supervisor 00120
--------------

Query OK, 0 rows affected (0.00 sec)

--------------
UPDATE Employee SET Supervisor = '99999'
WHERE Supervisor = '00120'
--------------

Query OK, 1 row affected (0.00 sec)
Rows matched: 1  Changed: 1  Warnings: 0

--------------
UPDATE Department SET Manager = '00120', MSDate = STR_TO_DATE('01/09/2018', '%d/%m/%Y')
WHERE DName = 'SALES'
--------------

Query OK, 1 row affected (0.00 sec)
Rows matched: 1  Changed: 1  Warnings: 0

--------------
UPDATE Employee SET DNumber=(SELECT DNumber FROM Department WHERE DName='SALES')
WHERE ENumber = '00120'
--------------

Query OK, 1 row affected (0.01 sec)
Rows matched: 1  Changed: 1  Warnings: 0

--------------
UPDATE Employee SET Supervisor = '00120'
WHERE Supervisor = '00110'
--------------

Query OK, 4 rows affected (0.01 sec)
Rows matched: 4  Changed: 4  Warnings: 0

--------------
UPDATE Employee SET Supervisor = '00110'
WHERE Supervisor = '99999'
--------------

Query OK, 1 row affected (0.00 sec)
Rows matched: 1  Changed: 1  Warnings: 0

--------------
DELETE FROM Employee WHERE ENumber='99999'
--------------

Query OK, 1 row affected (0.00 sec)

--------------
/*
(3)	An employee 00200 decided to quit a job. The employee 00136 has been promoted to manage 
    the department that the employee 00200 managed. Remove all information about the 
	employee 00200 from the database. Update all information for a new manager 00136.
*/

UPDATE Employee SET 
	DNumber = (SELECT DNumber FROM (
		SELECT DNumber FROM Employee WHERE ENumber='00200') X),
	Supervisor = (SELECT Supervisor FROM (
		SELECT Supervisor FROM Employee WHERE ENumber='00200') Y)
WHERE ENumber = '00136'
--------------

Query OK, 1 row affected (0.00 sec)
Rows matched: 1  Changed: 1  Warnings: 0

--------------
UPDATE Department SET Manager = '00136' WHERE Manager = '00200'
--------------

Query OK, 1 row affected (0.00 sec)
Rows matched: 1  Changed: 1  Warnings: 0

--------------
UPDATE Employee SET Supervisor = '00136' WHERE Supervisor = '00200'
--------------

Query OK, 0 rows affected (0.00 sec)
Rows matched: 0  Changed: 0  Warnings: 0

--------------
DELETE FROM WorksOn WHERE ENumber = '00200'
--------------

Query OK, 0 rows affected (0.00 sec)

--------------
DELETE FROM Dependent WHERE ENumber = '00200'
--------------

Query OK, 0 rows affected (0.00 sec)

--------------
DELETE FROM Employee WHERE ENumber = '00200'
--------------

Query OK, 1 row affected (0.00 sec)

mysql> notee;
